// Jest Snapshot v1, https://goo.gl/fbAQLP

exports[`Should Button match to snapshot 1`] = `
<div>
  <button
    className="btn btn-secondary"
    onClick={[Function]}
  >
    Button Component
  </button>
</div>
`;
